

   SYSTEM ERROR REPORT   Prepared on Nov  6 20:58     Page  1




ERROR LOGGING SYSTEM STARTED - Mon Nov  6 05:00:03 1989
 


	System Profile:

		
		Nov  5 16:51
		
		UNIX/4.1A: timna unix 4.0A
		CPU1 CPU2 are 68020
		 MEMORY  SUMMARY    POOL CPU PAGES (BYTES)
		16777216 installed   0    1  3525  (14438400)
		14438400 available   
		Maximum text size: 1073741824
		Maximum data size: 1073741824
		Maximum stack size: 1073741824
		Warning: Devices declared on non-existent VBA #1
		memory csr      63A found at F0100800 type CMM (ECC Interleaved Lower)
		memory csr    1064D found at F0101800 type CMM (ECC Interleaved Upper)
		memory csr 40100674 found at F0110800 type CMM (ECC Interleaved Lower)
		memory csr   11066F found at F0111800 type CMM (ECC Interleaved Upper)
		24 bit XMD450/451 disk controller at 0xF0F2EE40 1.25(0)
		  278 mb drive at unit 0 with 2 user partitions
		  278 mb drive at unit 1 with 1 user partitions
		24 bit XMD450/451 disk controller at 0xF0F40360 1.25(0)
		  474 mb drive at unit 0 with 1 user partitions
		24 bit XMD450/451 disk controller at 0xF0F40368 1.25(0)
		  165 mb drive at unit 0 with 1 user partitions
		Generic Tape Driver Version 20.2
		XMC431 disk controller at 0xF0F20700 2.6(0)
		    1 mb floppy at unit 2
		 Cartridge tape at unit 4
		XMT472 Tape Controller at F0F20268
		duart1 at F0040000
		duart1 at F0060000
		Graphics Processor #0 at F0F400C0 (GPM)
		Graphics Processor #1 at F1E18000 (GCM)
		High Performance Serial Mux #0 at 0xF0F40580
		High Performance Serial Mux #1 at 0xF0F40588
		Ethernet 0 at F0F40170
		Lightning floating point on cpu 1
		MC68881 floating point on cpu 1
		duart2 at F0040000
		duart2 at F0060000
		Lightning floating point on cpu 2
		MC68881 floating point on cpu 2
		Current swap file size: 18874368 bytes.





















   SYSTEM ERROR REPORT   Prepared on Nov  6 20:58     Page  2




XMT0     ERROR LOGGED ON   Mon Nov  6 09:28:26 1989

       Physical Device                  0
       Logical Device                   128 (200)
       Device Address                   C80B8868
       Retry Count                      9
       Error Diagnosis                  Unrecovered
       Simultaneous Bus Activity        None

       Registers at Error time
	  COMM     000000D2      CMD1,IEN,RELO,AUD
	  SUBFU    00000040      RETY
	  STAT1    00000089      DONE,CTYP1,ERRS
	  STAT2    00000033      
	  STAT3    0000000D      FBY,RDY,ONL
	  IMODE    00000000      
	  THROT    00000003      THRO0,THRO1
	  DRIVE    00000000      
	  CNTL     00000030      
	  CNTH     00000020      
	  DATAL    00000028      
	  DATAH    00000061      
	  DATAR    0000001A      
	  DATAR    00000000      
	  NIOPL    00000000      
	  NIOPH    00000000      
	  ACNTL    00000030      
	  ACNTH    00000020      
	  NIOPB    00000000      
	  NIOPB    00000000      
	  NIOPB    00000000      
	  NIOPB    00000000      
	  ADDR1    00000000      
	  ADDR2    0000001A      
	  ADDR3    00000040      
	  ADDR4    000000F8      

       Physical Buffer Start Address         000090F8
       Transfer Size in Bytes                            8240
       Type of Transfer                                  Read
       Block No. in Logical File System                     7
       I/O Type                                      Physical


       Statistics on Device to date:
               No. of R/W Operations                      2140
               No. of Other Operations                       0
               No. of Unrecorded Errors                      0





   SYSTEM ERROR REPORT   Prepared on Nov  6 20:58     Page  3




XMT0     ERROR LOGGED ON   Mon Nov  6 09:32:27 1989

       Physical Device                  0
       Logical Device                   128 (200)
       Device Address                   C80B8868
       Retry Count                      9
       Error Diagnosis                  Unrecovered
       Simultaneous Bus Activity        None

       Registers at Error time
	  COMM     000000D2      CMD1,IEN,RELO,AUD
	  SUBFU    00000040      RETY
	  STAT1    00000089      DONE,CTYP1,ERRS
	  STAT2    00000033      
	  STAT3    0000000D      FBY,RDY,ONL
	  IMODE    00000000      
	  THROT    00000003      THRO0,THRO1
	  DRIVE    00000000      
	  CNTL     00000030      
	  CNTH     00000020      
	  DATAL    00000000      
	  DATAH    0000006F      
	  DATAR    0000001A      
	  DATAR    00000000      
	  NIOPL    00000000      
	  NIOPH    00000000      
	  ACNTL    00000030      
	  ACNTH    00000020      
	  NIOPB    00000000      
	  NIOPB    00000000      
	  NIOPB    00000000      
	  NIOPB    00000000      
	  ADDR1    00000000      
	  ADDR2    0000001A      
	  ADDR3    0000004E      
	  ADDR4    000000D0      

       Physical Buffer Start Address         00007ED0
       Transfer Size in Bytes                            8240
       Type of Transfer                                  Read
       Block No. in Logical File System                     7
       I/O Type                                      Physical


       Statistics on Device to date:
               No. of R/W Operations                      2155
               No. of Other Operations                       9
               No. of Unrecorded Errors                      0





   SYSTEM ERROR REPORT   Prepared on Nov  6 20:58     Page  4




XMT0     ERROR LOGGED ON   Mon Nov  6 13:16:18 1989

       Physical Device                  0
       Logical Device                   128 (200)
       Device Address                   C80B8868
       Retry Count                      1
       Error Diagnosis                  Unrecovered
       Simultaneous Bus Activity        None

       Registers at Error time
	  COMM     000000D1      CMD0,IEN,RELO,AUD
	  SUBFU    00000040      RETY
	  STAT1    00000089      DONE,CTYP1,ERRS
	  STAT2    00000031      
	  STAT3    0000008D      FBY,RDY,ONL,EOT
	  IMODE    00000000      
	  THROT    00000003      THRO0,THRO1
	  DRIVE    00000000      
	  CNTL     00000030      
	  CNTH     00000020      
	  DATAL    00000038      
	  DATAH    00000065      
	  DATAR    0000001A      
	  DATAR    00000000      
	  NIOPL    00000000      
	  NIOPH    00000000      
	  ACNTL    00000030      
	  ACNTH    00000020      
	  NIOPB    00000000      
	  NIOPB    00000000      
	  NIOPB    00000000      
	  NIOPB    00000000      
	  ADDR1    00000000      
	  ADDR2    0000001A      
	  ADDR3    00000045      
	  ADDR4    00000008      

       Physical Buffer Start Address         BFFF8508
       Transfer Size in Bytes                            8240
       Type of Transfer                                 Write
       Block No. in Logical File System                 77668
       I/O Type                                      Physical


       Statistics on Device to date:
               No. of R/W Operations                      8283
               No. of Other Operations                      18
               No. of Unrecorded Errors                      0





   SYSTEM ERROR REPORT   Prepared on Nov  6 20:58     Page  5




XMT0     ERROR LOGGED ON   Mon Nov  6 13:16:18 1989

       Physical Device                  0
       Logical Device                   128 (200)
       Device Address                   C80B8868
       Retry Count                      0
       Error Diagnosis                  Unrecovered
       Simultaneous Bus Activity        None

       Registers at Error time
	  COMM     00000097      CMD0,CMD1,CMD2,IEN,AUD
	  SUBFU    00000040      RETY
	  STAT1    00000089      DONE,CTYP1,ERRS
	  STAT2    00000031      
	  STAT3    0000008C      RDY,ONL,EOT
	  IMODE    00000000      
	  THROT    00000003      THRO0,THRO1
	  DRIVE    00000000      
	  CNTL     00000001      
	  CNTH     00000000      
	  DATAL    00000000      
	  DATAH    00000000      
	  DATAR    00000000      
	  DATAR    00000000      
	  NIOPL    00000000      
	  NIOPH    00000000      
	  ACNTL    00000030      
	  ACNTH    00000020      
	  NIOPB    00000000      
	  NIOPB    00000000      
	  NIOPB    00000000      
	  NIOPB    00000000      
	  ADDR1    00000000      
	  ADDR2    00000000      
	  ADDR3    00000000      
	  ADDR4    00000000      

       Physical Buffer Start Address         00000000
       Transfer Size in Bytes                               1
       Type of Transfer                                  Read
       Block No. in Logical File System                     0
       I/O Type                                      Buffered


       Statistics on Device to date:
               No. of R/W Operations                      8283
               No. of Other Operations                      18
               No. of Unrecorded Errors                      0





   SYSTEM ERROR REPORT   Prepared on Nov  6 20:58     Page  6




SMD0     ERROR LOGGED ON   Mon Nov  6 13:36:32 1989

       Physical Device                  64
       Logical Device                   64 (100)
       Device Address                   C8099D48
       Retry Count                      0
       Error Diagnosis                  Recovered
       Simultaneous Bus Activity              SMD0

       Registers at Error time
	  COMM     00000051      
	  IMODE    00000022      IERROR
	  STAT1    00000085      ERROR
	  STAT2    00000012      
	  THROT    00000003      
	  DRIVE    00000000      
	  HEAD     00000001      
	  SECT     00000000      
	  CYLL     00000075      
	  CYLH     00000001      
	  SCNTL    00000000      
	  SCNTH    00000000      
	  DATAL    00000000      
	  DATAH    00000000      
	  DATAR    00000010      
	  DATAR    00000000      
	  NIOPL    00000000      
	  NIOPH    00000000      
	  ECCML    00000000      
	  ECCMH    00000000      
	  ECCAL    00000000      
	  ECCAH    00000000      
	  ADDR1    00000000      
	  ADDR2    00000000      
	  ADDR3    00000000      
	  ADDR4    00000000      

       Physical Buffer Start Address         F8EDC000
       Transfer Size in Bytes                            4096
       Type of Transfer                                 Write
       Block No. in Logical File System                335738
       I/O Type                                      Buffered


       Cylinder Requested                      373
       Track Requested                           1
       Sector Requested                          0


       Statistics on Device to date:
               No. of R/W Operations                     78042
               No. of Other Operations                       2
               No. of Unrecorded Errors                      0








   SYSTEM ERROR REPORT   Prepared on Nov  6 20:58     Page  7




XMT0     ERROR LOGGED ON   Mon Nov  6 13:51:27 1989

       Physical Device                  0
       Logical Device                   128 (200)
       Device Address                   C80B8868
       Retry Count                      0
       Error Diagnosis                  Recovered
       Simultaneous Bus Activity        None

       Registers at Error time
	  COMM     000000D2      CMD1,IEN,RELO,AUD
	  SUBFU    00000040      RETY
	  STAT1    00000089      DONE,CTYP1,ERRS
	  STAT2    00000031      
	  STAT3    0000008D      FBY,RDY,ONL,EOT
	  IMODE    00000000      
	  THROT    00000003      THRO0,THRO1
	  DRIVE    00000000      
	  CNTL     00000030      
	  CNTH     00000020      
	  DATAL    00000038      
	  DATAH    00000065      
	  DATAR    0000001A      
	  DATAR    00000000      
	  NIOPL    00000000      
	  NIOPH    00000000      
	  ACNTL    00000030      
	  ACNTH    00000020      
	  NIOPB    00000000      
	  NIOPB    00000000      
	  NIOPB    00000000      
	  NIOPB    00000000      
	  ADDR1    00000000      
	  ADDR2    0000001A      
	  ADDR3    00000045      
	  ADDR4    00000008      

       Physical Buffer Start Address         BFFF8508
       Transfer Size in Bytes                            8240
       Type of Transfer                                  Read
       Block No. in Logical File System                 77668
       I/O Type                                      Physical


       Statistics on Device to date:
               No. of R/W Operations                     13110
               No. of Other Operations                      18
               No. of Unrecorded Errors                      0





   SYSTEM ERROR REPORT   Prepared on Nov  6 20:58     Page  8




XMT0     ERROR LOGGED ON   Mon Nov  6 17:17:30 1989

       Physical Device                  0
       Logical Device                   128 (200)
       Device Address                   C80B8868
       Retry Count                      1
       Error Diagnosis                  Unrecovered
       Simultaneous Bus Activity        None

       Registers at Error time
	  COMM     000000D1      CMD0,IEN,RELO,AUD
	  SUBFU    00000040      RETY
	  STAT1    00000089      DONE,CTYP1,ERRS
	  STAT2    00000031      
	  STAT3    0000008D      FBY,RDY,ONL,EOT
	  IMODE    00000000      
	  THROT    00000003      THRO0,THRO1
	  DRIVE    00000000      
	  CNTL     00000030      
	  CNTH     00000020      
	  DATAL    00000038      
	  DATAH    00000065      
	  DATAR    0000001A      
	  DATAR    00000000      
	  NIOPL    00000000      
	  NIOPH    00000000      
	  ACNTL    00000030      
	  ACNTH    00000020      
	  NIOPB    00000000      
	  NIOPB    00000000      
	  NIOPB    00000000      
	  NIOPB    00000000      
	  ADDR1    00000000      
	  ADDR2    0000001A      
	  ADDR3    00000045      
	  ADDR4    00000008      

       Physical Buffer Start Address         BFFF8508
       Transfer Size in Bytes                            8240
       Type of Transfer                                 Write
       Block No. in Logical File System                 77652
       I/O Type                                      Physical


       Statistics on Device to date:
               No. of R/W Operations                     18382
               No. of Other Operations                      18
               No. of Unrecorded Errors                      0





   SYSTEM ERROR REPORT   Prepared on Nov  6 20:58     Page  9




XMT0     ERROR LOGGED ON   Mon Nov  6 17:17:30 1989

       Physical Device                  0
       Logical Device                   128 (200)
       Device Address                   C80B8868
       Retry Count                      0
       Error Diagnosis                  Unrecovered
       Simultaneous Bus Activity        None

       Registers at Error time
	  COMM     00000097      CMD0,CMD1,CMD2,IEN,AUD
	  SUBFU    00000040      RETY
	  STAT1    00000089      DONE,CTYP1,ERRS
	  STAT2    00000031      
	  STAT3    0000008C      RDY,ONL,EOT
	  IMODE    00000000      
	  THROT    00000003      THRO0,THRO1
	  DRIVE    00000000      
	  CNTL     00000001      
	  CNTH     00000000      
	  DATAL    00000000      
	  DATAH    00000000      
	  DATAR    00000000      
	  DATAR    00000000      
	  NIOPL    00000000      
	  NIOPH    00000000      
	  ACNTL    00000030      
	  ACNTH    00000020      
	  NIOPB    00000000      
	  NIOPB    00000000      
	  NIOPB    00000000      
	  NIOPB    00000000      
	  ADDR1    00000000      
	  ADDR2    00000000      
	  ADDR3    00000000      
	  ADDR4    00000000      

       Physical Buffer Start Address         00000000
       Transfer Size in Bytes                               1
       Type of Transfer                                  Read
       Block No. in Logical File System                     0
       I/O Type                                      Buffered


       Statistics on Device to date:
               No. of R/W Operations                     18382
               No. of Other Operations                      18
               No. of Unrecorded Errors                      0





   SYSTEM ERROR REPORT   Prepared on Nov  6 20:58     Page  10




XMT0     ERROR LOGGED ON   Mon Nov  6 17:48:09 1989

       Physical Device                  0
       Logical Device                   128 (200)
       Device Address                   C80B8868
       Retry Count                      0
       Error Diagnosis                  Recovered
       Simultaneous Bus Activity        None

       Registers at Error time
	  COMM     000000D2      CMD1,IEN,RELO,AUD
	  SUBFU    00000040      RETY
	  STAT1    00000089      DONE,CTYP1,ERRS
	  STAT2    00000031      
	  STAT3    0000008D      FBY,RDY,ONL,EOT
	  IMODE    00000000      
	  THROT    00000003      THRO0,THRO1
	  DRIVE    00000000      
	  CNTL     00000030      
	  CNTH     00000020      
	  DATAL    00000038      
	  DATAH    00000065      
	  DATAR    0000001A      
	  DATAR    00000000      
	  NIOPL    00000000      
	  NIOPH    00000000      
	  ACNTL    00000030      
	  ACNTH    00000020      
	  NIOPB    00000000      
	  NIOPB    00000000      
	  NIOPB    00000000      
	  NIOPB    00000000      
	  ADDR1    00000000      
	  ADDR2    0000001A      
	  ADDR3    00000045      
	  ADDR4    00000008      

       Physical Buffer Start Address         BFFF8508
       Transfer Size in Bytes                            8240
       Type of Transfer                                  Read
       Block No. in Logical File System                 77652
       I/O Type                                      Physical


       Statistics on Device to date:
               No. of R/W Operations                     23208
               No. of Other Operations                      18
               No. of Unrecorded Errors                      0





   Summary Error Report   Prepared on Nov  6 20:58     Page  11



       Error Types: All
       Limitations: 
       Date of Earliest Entry: Mon Nov  6 05:00:03 1989
       Date of Latest   Entry: Mon Nov  6 17:48:09 1989




            Total Stray Interrupts             -   0


            Total Memory ECC Errors            -   0

XMC0     UNIT  1   


                       Hard Errors             -   0
                       Soft Errors             -   1
                       Total I/O Operations    -   78042
                       Total Misc. Operations  -   2
                       No. of Errors Missed    -   0


XMT0     UNIT  0   


                       Hard Errors             -   6
                       Soft Errors             -   2
                       Total I/O Operations    -   23208
                       Total Misc. Operations  -   18
                       No. of Errors Missed    -   0





























